Source/bsp_pwm.c:15:5:bsp_pwm_init	8	static
Source/bsp_pwm.c:24:6:bsp_pwm_set_duty	8	static
Source/bsp_pwm.c:35:6:bsp_pwm_enable_outputs	8	static
Source/bsp_pwm.c:39:6:bsp_pwm_disable_outputs	8	static
Source/bsp_pwm.c:46:6:bsp_adc_read_phase_currents	8	static
Source/bsp_pwm.c:64:7:bsp_adc_read_bus_voltage	8	static
Source/bsp_pwm.c:69:7:bsp_adc_read_temperature	8	static
Source/bsp_pwm.c:74:5:bsp_pwm_calibrate_offsets	8	static
Source/can_comm.c:61:6:CAN_Comm_Init	8	static
Source/can_comm.c:78:9:CAN_Comm_CalcCRC8	8	static
Source/can_comm.c:94:9:CAN_Comm_ParseFrame	16	static
Source/can_comm.c:141:6:CAN_Comm_PackStatusFrame	16	static
Source/can_comm.c:187:6:CAN_Comm_PackTelemetryFrame	16	static
Source/can_comm.c:224:6:CAN_Comm_CheckTimeout	8	static
Source/can_comm.c:241:6:CAN_Comm_GetDiagnostics	8	static
Source/main_embedded.c:32:6:ISR_10kHz_CurrentLoop	96	static
Source/main_embedded.c:55:6:Task_100Hz_StateMachine	48	static
Source/main_embedded.c:145:6:Task_10Hz_Diagnostics	80	static
Source/main_embedded.c:164:6:System_Hardware_Init	48	static
Source/main_embedded.c:191:5:main	160	static
Source/motor_controller.c:13:6:motor_controller_init	48	static
Source/motor_controller.c:32:6:motor_check_safety	8	static
Source/motor_controller.c:61:6:motor_emergency_shutdown	8	static
Source/motor_controller.c:70:6:motor_controller_update	8	static
Source/safety_monitor.c:14:6:safety_monitor_init	8	static
Source/safety_monitor.c:21:10:safety_monitor_evaluate	48	static
Source/safety_monitor.c:74:6:safety_watchdog_kick	8	static
Source/safety_monitor.c:78:6:safety_trigger_emergency_stop	8	static
Source/safety_monitor.c:84:6:safety_clear_faults	8	static
Source/safety_monitor.c:96:14:safety_get_recommended_state	8	static
Source/safety_monitor.c:113:10:safety_monitor_get_faults	8	static
Source/safety_monitor.c:117:6:safety_monitor_report_fault	8	static
